Γû▓ Next.js 16.1.6 (Turbopack)
- Environments: .env.local

  Creating an optimized production build ...
Γ£ô Compiled successfully in 12.1s
  Running TypeScript ...
  Collecting page data using 15 workers ...
  Generating static pages using 15 workers (0/4) ...
  Generating static pages using 15 workers (1/4) 
npx : ΓÜá 
metadataBase property 
in metadata export is 
not set for resolving 
social open graph or 
twitter images, using 
"http://localhost:3000
". See https://nextjs.
org/docs/app/api-refer
ence/functions/generat
e-metadata#metadatabas
e
At line:1 char:1
+ npx next build 2>&1 
> build_output.txt; 
Get-Content 
build_output.txt
+ ~~~~~~~~~~~~~~~~~~~~
~~~~~~~~~~~~~~~~~~
    + CategoryInfo    
          : NotSpeci  
  fied: (ΓÜá metada   
 taBas...ta#metada    
tabase:String) []    
, RemoteException
    + FullyQualifiedE 
   rrorId : NativeCo  
  mmandError
 
  Generating static pages using 15 workers (2/4) 
  Generating static pages using 15 workers (3/4) 
Γ£ô Generating static pages using 15 workers (4/4) in 1030.0ms
  Finalizing page optimization ...

Route (app)
Γöî Γùï /
Γö£ Γùï /_not-found
Γöö ╞Æ /api/contact


Γùï  (Static)   prerendered as static content
╞Æ  (Dynamic)  server-rendered on demand

